
Allocating common symbols
Common symbol       size              file

_ctype              0x1               libc/string.o
idt                 0x800             kernel/kernel.o
interrupt_handlers  0x400             cpu/isr.o
idt_reg             0x6               kernel/kernel.o

Memory Configuration

Name             Origin             Length             Attributes
*default*        0x0000000000000000 0xffffffffffffffff

Linker script and memory map

                0x00000000c0000000                . = 0xc0000000

.text           0x00000000c0000000     0x4789
 *(.multiboot)
 *(.text)
 .text          0x00000000c0000000        0x7 boot/kernel_entry.o
                0x00000000c0000000                kernel_start
 .text          0x00000000c0000007      0x410 kernel/kernel.o
                0x00000000c0000007                dummy_test_entrypoint
                0x00000000c000000c                init
                0x00000000c0000346                readSector
                0x00000000c00003c4                main
 .text          0x00000000c0000417      0x502 kernel/mmngr_phys.o
                0x00000000c0000417                mmap_set
                0x00000000c000046b                mmap_unset
                0x00000000c00004c1                mmap_test
                0x00000000c0000504                mmap_first_free
                0x00000000c00005a4                mmap_first_free_s
                0x00000000c00006b8                pmmngr_init
                0x00000000c000070d                pmmngr_init_region
                0x00000000c0000757                pmmngr_deinit_region
                0x00000000c0000795                pmmngr_alloc_block
                0x00000000c00007e4                pmmngr_free_block
                0x00000000c0000811                pmmngr_alloc_blocks
                0x00000000c000088c                pmmngr_free_blocks
                0x00000000c00008db                pmmngr_get_memory_size
                0x00000000c00008e5                pmmngr_get_block_count
                0x00000000c00008ef                pmmngr_get_use_block_count
                0x00000000c00008f9                pmmngr_get_free_block_count
                0x00000000c000090f                pmmngr_get_block_size
 .text          0x00000000c0000919      0x558 kernel/mmngr_virtual.o
                0x00000000c0000919                vmmngr_ptable_lookup_entry
                0x00000000c0000942                vmmngr_pdirectory_lookup_entry
                0x00000000c000096b                paging_enable
                0x00000000c000098b                pmmngr_is_paging
                0x00000000c00009b0                pmmngr_get_PDBR
                0x00000000c00009cd                vmmngr_switch_pdirectory
                0x00000000c00009f2                vmmngr_flush_tlb_entry
                0x00000000c00009ff                vmmngr_get_directory
                0x00000000c0000a09                vmmngr_alloc_page
                0x00000000c0000a50                vmmngr_free_page
                0x00000000c0000a8c                vmmngr_map_page
                0x00000000c0000b86                page_fault
                0x00000000c0000c57                vmmngr_initialize
 .text          0x00000000c0000e71      0x262 kernel/shell.o
                0x00000000c0000e71                getch
                0x00000000c0000e9b                cmd
                0x00000000c0000eaf                get_cmd
                0x00000000c0000fdb                run_cmd
                0x00000000c00010a2                run
 .text          0x00000000c00010d3       0x83 kernel/vmmngr_pde.o
                0x00000000c00010d3                pd_entry_add_attrib
                0x00000000c00010e7                pd_entry_del_attrib
                0x00000000c00010fd                pd_entry_set_frame
                0x00000000c0001116                pd_entry_is_present
                0x00000000c0001121                pd_entry_is_writable
                0x00000000c000112c                pd_entry_pfn
                0x00000000c0001139                pd_entry_is_user
                0x00000000c0001144                pd_entry_is_4mb
                0x00000000c0001151                pd_entry_enable_global
 .text          0x00000000c0001156       0x66 kernel/vmmngr_pte.o
                0x00000000c0001156                pt_entry_add_attrib
                0x00000000c000116a                pt_entry_del_attrib
                0x00000000c0001180                pt_entry_set_frame
                0x00000000c0001199                pt_entry_is_present
                0x00000000c00011a4                pt_entry_is_writable
                0x00000000c00011af                pt_entry_pfn
 .text          0x00000000c00011bc      0x1b0 cpu/gdt.o
                0x00000000c00011c9                gdt_set_descriptor
                0x00000000c00011f5                i86_gdt_initialize
                0x00000000c00012d8                gdt_set_gate
 .text          0x00000000c000136c       0x93 cpu/hal.o
                0x00000000c000136c                hal_initialize
                0x00000000c00013b4                disable_interrupts
                0x00000000c00013ba                enable_interrupts
                0x00000000c00013c0                interruptdone
 .text          0x00000000c00013ff       0xbd cpu/idt.o
                0x00000000c00013ff                set_idt_gate
                0x00000000c0001446                idt_install
                0x00000000c000147a                i86_idt_initialize
 .text          0x00000000c00014bc      0x5bf cpu/isr.o
                0x00000000c00014bc                isr_install
                0x00000000c000197c                isr_handler
                0x00000000c00019d7                register_interrupt_handler
                0x00000000c00019f3                irq_handler
                0x00000000c0001a66                irq_install
 .text          0x00000000c0001a7b       0x27 cpu/panic.o
                0x00000000c0001a7b                panic
 .text          0x00000000c0001aa2      0x17c cpu/pic.o
                0x00000000c0001aa2                i86_pic_send_command
                0x00000000c0001ae2                i86_pic_send_data
                0x00000000c0001b22                i86_pic_read_data
                0x00000000c0001b55                i86_pic_initialize
 .text          0x00000000c0001c1e      0x143 cpu/timer.o
                0x00000000c0001c96                init_timer
                0x00000000c0001d0d                get_timer_ticks
                0x00000000c0001d17                sleep
 .text          0x00000000c0001d61      0x84b drivers/flpydsk.o
                0x00000000c0001d61                flpydsk_initialize_dma
                0x00000000c0001e1d                flpydsk_dma_read
                0x00000000c0001e61                flpydsk_dma_write
                0x00000000c0001ea5                flpydsk_read_status
                0x00000000c0001eb9                flpydsk_write_dor
                0x00000000c0001edb                flpydsk_send_command
                0x00000000c0001f1d                flpydsk_read_data
                0x00000000c0001f53                flpydsk_write_ccr
                0x00000000c0001f75                flpydsk_wait_irq
                0x00000000c0001f8b                i86_flpy_irq
                0x00000000c0001fb3                flpydsk_check_int
                0x00000000c0001fe1                flpydsk_control_motor
                0x00000000c0002081                flpydsk_drive_data
                0x00000000c00020e9                flpydsk_calibrate
                0x00000000c0002178                flpydsk_disable_controller
                0x00000000c000218c                flpydsk_enable_controller
                0x00000000c00021a0                flpydsk_reset
                0x00000000c000221b                flpydsk_read_sector_imp
                0x00000000c00022f3                flpydsk_seek
                0x00000000c000237e                flpydsk_lba_to_chs
                0x00000000c00023d8                __parse_cmos
                0x00000000c000241e                flpydsk_install
                0x00000000c00024d8                flpydsk_set_working_drive
                0x00000000c00024f4                flpydsk_get_working_drive
                0x00000000c00024fe                flpydsk_read_sector
 .text          0x00000000c00025ac      0x63d drivers/kybrd.o
                0x00000000c00025ac                kybrd_ctrl_read_status
                0x00000000c00025c0                kybrd_ctrl_send_cmd
                0x00000000c00025f5                kybrd_enc_read_buf
                0x00000000c0002609                kybrd_enc_send_cmd
                0x00000000c000263e                i86_kybrd_irq
                0x00000000c000289d                kkybrd_get_scroll_lock
                0x00000000c00028a7                kkybrd_get_numlock
                0x00000000c00028b1                kkybrd_get_capslock
                0x00000000c00028bb                kkybrd_get_ctrl
                0x00000000c00028c5                kkybrd_get_alt
                0x00000000c00028cf                kkybrd_get_shift
                0x00000000c00028d9                kkybrd_ignore_resend
                0x00000000c00028e8                kkybrd_check_resend
                0x00000000c00028f2                kkybrd_get_diagnostic_res
                0x00000000c00028fc                kkybrd_get_bat_res
                0x00000000c0002906                kkybrd_get_last_scan
                0x00000000c0002910                kkybrd_set_leds
                0x00000000c0002979                kkybrd_get_last_key
                0x00000000c00029a5                kkybrd_discard_last_key
                0x00000000c00029b4                kkybrd_key_to_ascii
                0x00000000c0002aca                kkybrd_disable
                0x00000000c0002ae8                kkybrd_enable
                0x00000000c0002b06                kkybrd_is_disabled
                0x00000000c0002b10                kkybrd_reset_system
                0x00000000c0002b30                kkybrd_self_test
                0x00000000c0002b64                kkybrd_install
 .text          0x00000000c0002be9       0x8d drivers/ports.o
                0x00000000c0002be9                port_byte_in
                0x00000000c0002c11                port_byte_out
                0x00000000c0002c2d                port_word_in
                0x00000000c0002c58                port_word_out
 .text          0x00000000c0002c76       0x42 drivers/printk.o
                0x00000000c0002c76                printk
 .text          0x00000000c0002cb8      0x6df drivers/screen.o
                0x00000000c0002cb8                get_screen_width
                0x00000000c0002cbf                get_screen_height
                0x00000000c0002cc6                get_cursor_xy
                0x00000000c0002cf0                set_cursor_xy
                0x00000000c0002e24                monitor_put
                0x00000000c0002f27                monitor_clear
                0x00000000c0002f7b                monitor_write
                0x00000000c0002fa1                screen_set_color
                0x00000000c0002fb7                goto_xy
                0x00000000c0002fed                clear_screen_with_color
                0x00000000c0003044                kprint_at
                0x00000000c00030f7                kprint
                0x00000000c000311a                print_char
                0x00000000c00031ff                get_cursor_offset
                0x00000000c000325b                set_cursor_offset
                0x00000000c00032c9                clear_screen
                0x00000000c000332e                get_offset
                0x00000000c0003349                get_offset_row
                0x00000000c0003366                get_offset_col
 .text          0x00000000c0003397      0x450 drivers/vga.o
                0x00000000c0003397                vgaGraphicsModeInit
                0x00000000c00033ab                writeRegisters
                0x00000000c0003584                isSupportedMode
                0x00000000c00035ad                setMode
                0x00000000c00035e1                getFrameBufferSegment
                0x00000000c000363c                _putPixel
                0x00000000c0003693                getColorIndex
                0x00000000c000371d                putPixel
                0x00000000c000376c                fillRectangle
 .text          0x00000000c00037e7      0x687 drivers/vsprintf.o
                0x00000000c0003a4d                vsprintf
 .text          0x00000000c0003e6e       0xbb libc/mem.o
                0x00000000c0003e6e                memory_copy
                0x00000000c0003e9e                memory_set
                0x00000000c0003ec8                memcpy
                0x00000000c0003efa                memset
 .text          0x00000000c0003f29      0x648 libc/string.o
                0x00000000c0003f29                int_to_ascii
                0x00000000c0003fb7                reverse
                0x00000000c0004016                strlen
                0x00000000c000403b                append
                0x00000000c0004072                backspace
                0x00000000c0004096                strcmp
                0x00000000c00040f7                strtol
                0x00000000c0004332                strtoul
                0x00000000c000454e                atoi
 *fill*         0x00000000c0004571        0xf 
 .text          0x00000000c0004580      0x209 cpu/interrupt.o
                0x00000000c00045ca                isr0
                0x00000000c00045d1                isr1
                0x00000000c00045d8                isr2
                0x00000000c00045df                isr3
                0x00000000c00045e6                isr4
                0x00000000c00045ed                isr5
                0x00000000c00045f4                isr6
                0x00000000c00045fb                isr7
                0x00000000c0004605                isr8
                0x00000000c000460d                isr9
                0x00000000c0004617                isr10
                0x00000000c000461f                isr11
                0x00000000c0004627                isr12
                0x00000000c000462f                isr13
                0x00000000c0004637                isr14
                0x00000000c000463f                isr15
                0x00000000c0004649                isr16
                0x00000000c0004653                isr17
                0x00000000c000465d                isr18
                0x00000000c0004667                isr19
                0x00000000c0004671                isr20
                0x00000000c000467b                isr21
                0x00000000c0004685                isr22
                0x00000000c000468f                isr23
                0x00000000c0004699                isr24
                0x00000000c00046a3                isr25
                0x00000000c00046ad                isr26
                0x00000000c00046b7                isr27
                0x00000000c00046c1                isr28
                0x00000000c00046cb                isr29
                0x00000000c00046d5                isr30
                0x00000000c00046df                isr31
                0x00000000c00046e9                irq0
                0x00000000c00046f3                irq1
                0x00000000c00046fd                irq2
                0x00000000c0004707                irq3
                0x00000000c0004711                irq4
                0x00000000c000471b                irq5
                0x00000000c0004725                irq6
                0x00000000c000472f                irq7
                0x00000000c0004739                irq8
                0x00000000c0004743                irq9
                0x00000000c000474d                irq10
                0x00000000c0004757                irq11
                0x00000000c0004761                irq12
                0x00000000c000476b                irq13
                0x00000000c0004775                irq14
                0x00000000c000477f                irq15

.rodata         0x00000000c0004800      0x888
 *(.rodata)
 .rodata        0x00000000c0004800      0x257 kernel/kernel.o
 *fill*         0x00000000c0004a57        0x1 
 .rodata        0x00000000c0004a58       0x6a kernel/mmngr_virtual.o
 *fill*         0x00000000c0004ac2        0x2 
 .rodata        0x00000000c0004ac4       0xe4 kernel/shell.o
 .rodata        0x00000000c0004ba8       0x25 cpu/gdt.o
 .rodata        0x00000000c0004bcd       0x1c cpu/idt.o
 .rodata        0x00000000c0004be9      0x153 cpu/isr.o
 .rodata        0x00000000c0004d3c       0x1b cpu/panic.o
 .rodata        0x00000000c0004d57       0x44 cpu/timer.o
 *fill*         0x00000000c0004d9b        0x1 
 .rodata        0x00000000c0004d9c       0xa4 drivers/flpydsk.o
                0x00000000c0004d9c                FLOPPY_IRQ
                0x00000000c0004da0                FLPY_SECTORS_PER_TRACK
                0x00000000c0004da4                DMA_BUFFER
 .rodata        0x00000000c0004e40      0x130 drivers/kybrd.o
                0x00000000c0004e40                INVALID_SCANCODE
 .rodata        0x00000000c0004f70      0x118 drivers/vsprintf.o

.eh_frame       0x00000000c0005088     0x1930
 .eh_frame      0x00000000c0005088       0xa4 kernel/kernel.o
 .eh_frame      0x00000000c000512c      0x264 kernel/mmngr_phys.o
 .eh_frame      0x00000000c0005390      0x1c0 kernel/mmngr_virtual.o
 .eh_frame      0x00000000c0005550       0xb8 kernel/shell.o
 .eh_frame      0x00000000c0005608      0x138 kernel/vmmngr_pde.o
 .eh_frame      0x00000000c0005740       0xd8 kernel/vmmngr_pte.o
 .eh_frame      0x00000000c0005818       0x98 cpu/gdt.o
 .eh_frame      0x00000000c00058b0       0x98 cpu/hal.o
 .eh_frame      0x00000000c0005948       0x94 cpu/idt.o
 .eh_frame      0x00000000c00059dc       0xc4 cpu/isr.o
 .eh_frame      0x00000000c0005aa0       0x34 cpu/panic.o
 .eh_frame      0x00000000c0005ad4       0x98 cpu/pic.o
 .eh_frame      0x00000000c0005b6c       0x98 cpu/timer.o
 .eh_frame      0x00000000c0005c04      0x338 drivers/flpydsk.o
 .eh_frame      0x00000000c0005f3c      0x358 drivers/kybrd.o
 .eh_frame      0x00000000c0006294       0xa0 drivers/ports.o
 .eh_frame      0x00000000c0006334       0x38 drivers/printk.o
 .eh_frame      0x00000000c000636c      0x2b8 drivers/screen.o
 .eh_frame      0x00000000c0006624      0x140 drivers/vga.o
 .eh_frame      0x00000000c0006764       0x80 drivers/vsprintf.o
 .eh_frame      0x00000000c00067e4       0x98 libc/mem.o
 .eh_frame      0x00000000c000687c      0x13c libc/string.o

.data           0x00000000c0006a00      0x23d
 *(.data)
 .data          0x00000000c0006a00       0x10 kernel/kernel.o
                0x00000000c0006a00                strMemoryTypes
 .data          0x00000000c0006a10        0x0 kernel/mmngr_phys.o
 .data          0x00000000c0006a10        0x0 kernel/mmngr_virtual.o
 .data          0x00000000c0006a10        0x0 kernel/shell.o
 .data          0x00000000c0006a10        0x0 kernel/vmmngr_pde.o
 .data          0x00000000c0006a10        0x0 kernel/vmmngr_pte.o
 .data          0x00000000c0006a10        0x0 cpu/gdt.o
 .data          0x00000000c0006a10        0x0 cpu/hal.o
 .data          0x00000000c0006a10        0x0 cpu/idt.o
 *fill*         0x00000000c0006a10       0x10 
 .data          0x00000000c0006a20       0x80 cpu/isr.o
                0x00000000c0006a20                exception_messages
 .data          0x00000000c0006aa0        0x0 cpu/panic.o
 .data          0x00000000c0006aa0        0x0 cpu/pic.o
 .data          0x00000000c0006aa0        0x0 cpu/timer.o
 .data          0x00000000c0006aa0        0x0 drivers/flpydsk.o
 .data          0x00000000c0006aa0      0x14c drivers/kybrd.o
 .data          0x00000000c0006bec        0x0 drivers/ports.o
 .data          0x00000000c0006bec        0x0 drivers/printk.o
 .data          0x00000000c0006bec        0x4 drivers/screen.o
                0x00000000c0006bec                video_memory
 *fill*         0x00000000c0006bf0       0x10 
 .data          0x00000000c0006c00       0x3d drivers/vga.o
                0x00000000c0006c00                g_320x200x256
 .data          0x00000000c0006c3d        0x0 drivers/vsprintf.o
 .data          0x00000000c0006c3d        0x0 libc/mem.o
 .data          0x00000000c0006c3d        0x0 libc/string.o

.bss            0x00000000c0006e00     0x1123
 *(COMMON)
 COMMON         0x00000000c0006e00      0x806 kernel/kernel.o
                0x00000000c0006e00                idt
                0x00000000c0007600                idt_reg
 *fill*         0x00000000c0007606       0x1a 
 COMMON         0x00000000c0007620      0x400 cpu/isr.o
                0x00000000c0007620                interrupt_handlers
 COMMON         0x00000000c0007a20        0x1 libc/string.o
                0x00000000c0007a20                _ctype
 *(.bss)
 .bss           0x00000000c0007a21        0x0 kernel/kernel.o
 *fill*         0x00000000c0007a21        0x3 
 .bss           0x00000000c0007a24       0x10 kernel/mmngr_phys.o
 .bss           0x00000000c0007a34        0x8 kernel/mmngr_virtual.o
                0x00000000c0007a34                _cur_directory
                0x00000000c0007a38                _cur_pdbr
 *fill*         0x00000000c0007a3c        0x4 
 .bss           0x00000000c0007a40       0x64 kernel/shell.o
 .bss           0x00000000c0007aa4        0x0 kernel/vmmngr_pde.o
 .bss           0x00000000c0007aa4        0x0 kernel/vmmngr_pte.o
 .bss           0x00000000c0007aa4       0x1e cpu/gdt.o
 .bss           0x00000000c0007ac2        0x0 cpu/hal.o
 .bss           0x00000000c0007ac2        0x0 cpu/idt.o
 .bss           0x00000000c0007ac2        0x0 cpu/isr.o
 .bss           0x00000000c0007ac2        0x0 cpu/panic.o
 .bss           0x00000000c0007ac2        0x0 cpu/pic.o
 *fill*         0x00000000c0007ac2        0x2 
 .bss           0x00000000c0007ac4        0x6 cpu/timer.o
                0x00000000c0007ac4                tick
 .bss           0x00000000c0007aca        0x4 drivers/flpydsk.o
                0x00000000c0007aca                primary_avail
                0x00000000c0007acb                secondary_avail
 *fill*         0x00000000c0007ace        0x2 
 .bss           0x00000000c0007ad0       0x34 drivers/kybrd.o
 .bss           0x00000000c0007b04        0x0 drivers/ports.o
 *fill*         0x00000000c0007b04       0x1c 
 .bss           0x00000000c0007b20      0x400 drivers/printk.o
 .bss           0x00000000c0007f20        0x3 drivers/screen.o
                0x00000000c0007f20                cursor_x
                0x00000000c0007f21                cursor_y
                0x00000000c0007f22                text_color
 .bss           0x00000000c0007f23        0x0 drivers/vga.o
 .bss           0x00000000c0007f23        0x0 drivers/vsprintf.o
 .bss           0x00000000c0007f23        0x0 libc/mem.o
 .bss           0x00000000c0007f23        0x0 libc/string.o
                0x00000000c0008000                kernel_end = ALIGN (0x1000)
LOAD boot/kernel_entry.o
LOAD kernel/kernel.o
LOAD kernel/mmngr_phys.o
LOAD kernel/mmngr_virtual.o
LOAD kernel/shell.o
LOAD kernel/vmmngr_pde.o
LOAD kernel/vmmngr_pte.o
LOAD cpu/gdt.o
LOAD cpu/hal.o
LOAD cpu/idt.o
LOAD cpu/isr.o
LOAD cpu/panic.o
LOAD cpu/pic.o
LOAD cpu/timer.o
LOAD drivers/flpydsk.o
LOAD drivers/kybrd.o
LOAD drivers/ports.o
LOAD drivers/printk.o
LOAD drivers/screen.o
LOAD drivers/vga.o
LOAD drivers/vsprintf.o
LOAD libc/mem.o
LOAD libc/string.o
LOAD cpu/interrupt.o
OUTPUT(krnl32.bin binary)

.debug_info     0x0000000000000000     0x523e
 .debug_info    0x0000000000000000      0x539 kernel/kernel.o
 .debug_info    0x0000000000000539      0x4c8 kernel/mmngr_phys.o
 .debug_info    0x0000000000000a01      0x77c kernel/mmngr_virtual.o
 .debug_info    0x000000000000117d      0x56b kernel/shell.o
 .debug_info    0x00000000000016e8      0x283 kernel/vmmngr_pde.o
 .debug_info    0x000000000000196b      0x206 kernel/vmmngr_pte.o
 .debug_info    0x0000000000001b71      0x275 cpu/gdt.o
 .debug_info    0x0000000000001de6      0x1c0 cpu/hal.o
 .debug_info    0x0000000000001fa6      0x1fa cpu/idt.o
 .debug_info    0x00000000000021a0      0x36e cpu/isr.o
 .debug_info    0x000000000000250e       0x61 cpu/panic.o
 .debug_info    0x000000000000256f      0x26d cpu/pic.o
 .debug_info    0x00000000000027dc      0x357 cpu/timer.o
 .debug_info    0x0000000000002b33      0x8ef drivers/flpydsk.o
 .debug_info    0x0000000000003422      0xc33 drivers/kybrd.o
 .debug_info    0x0000000000004055      0x114 drivers/ports.o
 .debug_info    0x0000000000004169       0xcc drivers/printk.o
 .debug_info    0x0000000000004235      0x534 drivers/screen.o
 .debug_info    0x0000000000004769      0x2f2 drivers/vga.o
 .debug_info    0x0000000000004a5b      0x258 drivers/vsprintf.o
 .debug_info    0x0000000000004cb3      0x202 libc/mem.o
 .debug_info    0x0000000000004eb5      0x389 libc/string.o

.debug_abbrev   0x0000000000000000     0x1a15
 .debug_abbrev  0x0000000000000000      0x181 kernel/kernel.o
 .debug_abbrev  0x0000000000000181      0x158 kernel/mmngr_phys.o
 .debug_abbrev  0x00000000000002d9      0x220 kernel/mmngr_virtual.o
 .debug_abbrev  0x00000000000004f9      0x141 kernel/shell.o
 .debug_abbrev  0x000000000000063a       0xc4 kernel/vmmngr_pde.o
 .debug_abbrev  0x00000000000006fe       0xc6 kernel/vmmngr_pte.o
 .debug_abbrev  0x00000000000007c4       0xf0 cpu/gdt.o
 .debug_abbrev  0x00000000000008b4       0xf8 cpu/hal.o
 .debug_abbrev  0x00000000000009ac      0x130 cpu/idt.o
 .debug_abbrev  0x0000000000000adc      0x14b cpu/isr.o
 .debug_abbrev  0x0000000000000c27       0x58 cpu/panic.o
 .debug_abbrev  0x0000000000000c7f      0x106 cpu/pic.o
 .debug_abbrev  0x0000000000000d85      0x146 cpu/timer.o
 .debug_abbrev  0x0000000000000ecb      0x277 drivers/flpydsk.o
 .debug_abbrev  0x0000000000001142      0x1e3 drivers/kybrd.o
 .debug_abbrev  0x0000000000001325       0x8b drivers/ports.o
 .debug_abbrev  0x00000000000013b0       0xb0 drivers/printk.o
 .debug_abbrev  0x0000000000001460      0x1fc drivers/screen.o
 .debug_abbrev  0x000000000000165c      0x110 drivers/vga.o
 .debug_abbrev  0x000000000000176c       0xec drivers/vsprintf.o
 .debug_abbrev  0x0000000000001858       0xd2 libc/mem.o
 .debug_abbrev  0x000000000000192a       0xeb libc/string.o

.debug_loc      0x0000000000000000     0x27a0
 .debug_loc     0x0000000000000000       0xd4 kernel/kernel.o
 .debug_loc     0x00000000000000d4      0x3b8 kernel/mmngr_phys.o
 .debug_loc     0x000000000000048c      0x2cc kernel/mmngr_virtual.o
 .debug_loc     0x0000000000000758      0x118 kernel/shell.o
 .debug_loc     0x0000000000000870      0x1f8 kernel/vmmngr_pde.o
 .debug_loc     0x0000000000000a68      0x150 kernel/vmmngr_pte.o
 .debug_loc     0x0000000000000bb8       0xe0 cpu/gdt.o
 .debug_loc     0x0000000000000c98       0xe0 cpu/hal.o
 .debug_loc     0x0000000000000d78       0xd4 cpu/idt.o
 .debug_loc     0x0000000000000e4c      0x118 cpu/isr.o
 .debug_loc     0x0000000000000f64       0x2c cpu/panic.o
 .debug_loc     0x0000000000000f90       0xe0 cpu/pic.o
 .debug_loc     0x0000000000001070       0xe0 cpu/timer.o
 .debug_loc     0x0000000000001150      0x578 drivers/flpydsk.o
 .debug_loc     0x00000000000016c8      0x5b0 drivers/kybrd.o
 .debug_loc     0x0000000000001c78       0xe0 drivers/ports.o
 .debug_loc     0x0000000000001d58       0x38 drivers/printk.o
 .debug_loc     0x0000000000001d90      0x498 drivers/screen.o
 .debug_loc     0x0000000000002228      0x1f8 drivers/vga.o
 .debug_loc     0x0000000000002420       0xa8 drivers/vsprintf.o
 .debug_loc     0x00000000000024c8       0xe0 libc/mem.o
 .debug_loc     0x00000000000025a8      0x1f8 libc/string.o

.debug_aranges  0x0000000000000000      0x2c0
 .debug_aranges
                0x0000000000000000       0x20 kernel/kernel.o
 .debug_aranges
                0x0000000000000020       0x20 kernel/mmngr_phys.o
 .debug_aranges
                0x0000000000000040       0x20 kernel/mmngr_virtual.o
 .debug_aranges
                0x0000000000000060       0x20 kernel/shell.o
 .debug_aranges
                0x0000000000000080       0x20 kernel/vmmngr_pde.o
 .debug_aranges
                0x00000000000000a0       0x20 kernel/vmmngr_pte.o
 .debug_aranges
                0x00000000000000c0       0x20 cpu/gdt.o
 .debug_aranges
                0x00000000000000e0       0x20 cpu/hal.o
 .debug_aranges
                0x0000000000000100       0x20 cpu/idt.o
 .debug_aranges
                0x0000000000000120       0x20 cpu/isr.o
 .debug_aranges
                0x0000000000000140       0x20 cpu/panic.o
 .debug_aranges
                0x0000000000000160       0x20 cpu/pic.o
 .debug_aranges
                0x0000000000000180       0x20 cpu/timer.o
 .debug_aranges
                0x00000000000001a0       0x20 drivers/flpydsk.o
 .debug_aranges
                0x00000000000001c0       0x20 drivers/kybrd.o
 .debug_aranges
                0x00000000000001e0       0x20 drivers/ports.o
 .debug_aranges
                0x0000000000000200       0x20 drivers/printk.o
 .debug_aranges
                0x0000000000000220       0x20 drivers/screen.o
 .debug_aranges
                0x0000000000000240       0x20 drivers/vga.o
 .debug_aranges
                0x0000000000000260       0x20 drivers/vsprintf.o
 .debug_aranges
                0x0000000000000280       0x20 libc/mem.o
 .debug_aranges
                0x00000000000002a0       0x20 libc/string.o

.debug_ranges   0x0000000000000000       0x30
 .debug_ranges  0x0000000000000000       0x18 kernel/kernel.o
 .debug_ranges  0x0000000000000018       0x18 kernel/mmngr_virtual.o

.debug_line     0x0000000000000000     0x17a3
 .debug_line    0x0000000000000000      0x13a kernel/kernel.o
 .debug_line    0x000000000000013a      0x1a1 kernel/mmngr_phys.o
 .debug_line    0x00000000000002db      0x1ec kernel/mmngr_virtual.o
 .debug_line    0x00000000000004c7       0xb2 kernel/shell.o
 .debug_line    0x0000000000000579       0xb6 kernel/vmmngr_pde.o
 .debug_line    0x000000000000062f       0xb0 kernel/vmmngr_pte.o
 .debug_line    0x00000000000006df       0xa2 cpu/gdt.o
 .debug_line    0x0000000000000781       0x65 cpu/hal.o
 .debug_line    0x00000000000007e6       0xb1 cpu/idt.o
 .debug_line    0x0000000000000897       0xe9 cpu/isr.o
 .debug_line    0x0000000000000980       0x41 cpu/panic.o
 .debug_line    0x00000000000009c1       0xf4 cpu/pic.o
 .debug_line    0x0000000000000ab5       0x88 cpu/timer.o
 .debug_line    0x0000000000000b3d      0x1db drivers/flpydsk.o
 .debug_line    0x0000000000000d18      0x207 drivers/kybrd.o
 .debug_line    0x0000000000000f1f       0x50 drivers/ports.o
 .debug_line    0x0000000000000f6f       0x7a drivers/printk.o
 .debug_line    0x0000000000000fe9      0x17f drivers/screen.o
 .debug_line    0x0000000000001168      0x153 drivers/vga.o
 .debug_line    0x00000000000012bb      0x1ee drivers/vsprintf.o
 .debug_line    0x00000000000014a9       0xcd libc/mem.o
 .debug_line    0x0000000000001576      0x22d libc/string.o

.debug_str      0x0000000000000000     0x3ef7
 .debug_str     0x0000000000000000      0x3f6 kernel/kernel.o
 .debug_str     0x00000000000003f6      0x2d5 kernel/mmngr_phys.o
 .debug_str     0x00000000000006cb      0x4b3 kernel/mmngr_virtual.o
 .debug_str     0x0000000000000b7e      0x600 kernel/shell.o
 .debug_str     0x000000000000117e      0x26c kernel/vmmngr_pde.o
 .debug_str     0x00000000000013ea      0x246 kernel/vmmngr_pte.o
 .debug_str     0x0000000000001630      0x1c8 cpu/gdt.o
 .debug_str     0x00000000000017f8      0x181 cpu/hal.o
 .debug_str     0x0000000000001979      0x192 cpu/idt.o
 .debug_str     0x0000000000001b0b      0x197 cpu/isr.o
 .debug_str     0x0000000000001ca2       0x62 cpu/panic.o
 .debug_str     0x0000000000001d04      0x1a5 cpu/pic.o
 .debug_str     0x0000000000001ea9      0x1c6 cpu/timer.o
 .debug_str     0x000000000000206f      0x819 drivers/flpydsk.o
 .debug_str     0x0000000000002888      0xe8d drivers/kybrd.o
 .debug_str     0x0000000000003715       0xc3 drivers/ports.o
 .debug_str     0x00000000000037d8       0x9f drivers/printk.o
 .debug_str     0x0000000000003877      0x23e drivers/screen.o
 .debug_str     0x0000000000003ab5      0x153 drivers/vga.o
 .debug_str     0x0000000000003c08      0x102 drivers/vsprintf.o
 .debug_str     0x0000000000003d0a       0xf8 libc/mem.o
 .debug_str     0x0000000000003e02       0xf5 libc/string.o

.comment        0x0000000000000000      0x18c
 .comment       0x0000000000000000       0x12 kernel/kernel.o
 .comment       0x0000000000000012       0x12 kernel/mmngr_phys.o
 .comment       0x0000000000000024       0x12 kernel/mmngr_virtual.o
 .comment       0x0000000000000036       0x12 kernel/shell.o
 .comment       0x0000000000000048       0x12 kernel/vmmngr_pde.o
 .comment       0x000000000000005a       0x12 kernel/vmmngr_pte.o
 .comment       0x000000000000006c       0x12 cpu/gdt.o
 .comment       0x000000000000007e       0x12 cpu/hal.o
 .comment       0x0000000000000090       0x12 cpu/idt.o
 .comment       0x00000000000000a2       0x12 cpu/isr.o
 .comment       0x00000000000000b4       0x12 cpu/panic.o
 .comment       0x00000000000000c6       0x12 cpu/pic.o
 .comment       0x00000000000000d8       0x12 cpu/timer.o
 .comment       0x00000000000000ea       0x12 drivers/flpydsk.o
 .comment       0x00000000000000fc       0x12 drivers/kybrd.o
 .comment       0x000000000000010e       0x12 drivers/ports.o
 .comment       0x0000000000000120       0x12 drivers/printk.o
 .comment       0x0000000000000132       0x12 drivers/screen.o
 .comment       0x0000000000000144       0x12 drivers/vga.o
 .comment       0x0000000000000156       0x12 drivers/vsprintf.o
 .comment       0x0000000000000168       0x12 libc/mem.o
 .comment       0x000000000000017a       0x12 libc/string.o
