
Allocating common symbols
Common symbol       size              file

idt                 0x800             kernel/kernel.o
interrupt_handlers  0x400             cpu/isr.o
idt_reg             0x6               kernel/kernel.o

Memory Configuration

Name             Origin             Length             Attributes
*default*        0x0000000000000000 0xffffffffffffffff

Linker script and memory map

                0x00000000c0000000                . = 0xc0000000

.text           0x00000000c0000000     0x3319
 *(.multiboot)
 *(.text)
 .text          0x00000000c0000000        0x7 boot/kernel_entry.o
                0x00000000c0000000                kernel_start
 .text          0x00000000c0000007      0x355 kernel/kernel.o
                0x00000000c0000007                dummy_test_entrypoint
                0x00000000c000000c                main
 .text          0x00000000c000035c      0x502 kernel/mmngr_phys.o
                0x00000000c000035c                mmap_set
                0x00000000c00003b0                mmap_unset
                0x00000000c0000406                mmap_test
                0x00000000c0000449                mmap_first_free
                0x00000000c00004e9                mmap_first_free_s
                0x00000000c00005fd                pmmngr_init
                0x00000000c0000652                pmmngr_init_region
                0x00000000c000069c                pmmngr_deinit_region
                0x00000000c00006da                pmmngr_alloc_block
                0x00000000c0000729                pmmngr_free_block
                0x00000000c0000756                pmmngr_alloc_blocks
                0x00000000c00007d1                pmmngr_free_blocks
                0x00000000c0000820                pmmngr_get_memory_size
                0x00000000c000082a                pmmngr_get_block_count
                0x00000000c0000834                pmmngr_get_use_block_count
                0x00000000c000083e                pmmngr_get_free_block_count
                0x00000000c0000854                pmmngr_get_block_size
 .text          0x00000000c000085e      0x558 kernel/mmngr_virtual.o
                0x00000000c000085e                vmmngr_ptable_lookup_entry
                0x00000000c0000887                vmmngr_pdirectory_lookup_entry
                0x00000000c00008b0                paging_enable
                0x00000000c00008d0                pmmngr_is_paging
                0x00000000c00008f5                pmmngr_get_PDBR
                0x00000000c0000912                vmmngr_switch_pdirectory
                0x00000000c0000937                vmmngr_flush_tlb_entry
                0x00000000c0000944                vmmngr_get_directory
                0x00000000c000094e                vmmngr_alloc_page
                0x00000000c0000995                vmmngr_free_page
                0x00000000c00009d1                vmmngr_map_page
                0x00000000c0000acb                page_fault
                0x00000000c0000b9c                vmmngr_initialize
 .text          0x00000000c0000db6       0x83 kernel/vmmngr_pde.o
                0x00000000c0000db6                pd_entry_add_attrib
                0x00000000c0000dca                pd_entry_del_attrib
                0x00000000c0000de0                pd_entry_set_frame
                0x00000000c0000df9                pd_entry_is_present
                0x00000000c0000e04                pd_entry_is_writable
                0x00000000c0000e0f                pd_entry_pfn
                0x00000000c0000e1c                pd_entry_is_user
                0x00000000c0000e27                pd_entry_is_4mb
                0x00000000c0000e34                pd_entry_enable_global
 .text          0x00000000c0000e39       0x66 kernel/vmmngr_pte.o
                0x00000000c0000e39                pt_entry_add_attrib
                0x00000000c0000e4d                pt_entry_del_attrib
                0x00000000c0000e63                pt_entry_set_frame
                0x00000000c0000e7c                pt_entry_is_present
                0x00000000c0000e87                pt_entry_is_writable
                0x00000000c0000e92                pt_entry_pfn
 .text          0x00000000c0000e9f       0x12 cpu/cpu.o
                0x00000000c0000e9f                i86_cpu_initialize
 .text          0x00000000c0000eb1      0x1f4 cpu/gdt.o
                0x00000000c0000ebe                gdt_set_descriptor
                0x00000000c0000faf                i86_gdt_get_descriptor
                0x00000000c0000fcc                i86_gdt_initialize
 .text          0x00000000c00010a5       0x19 cpu/hal.o
                0x00000000c00010a5                hal_initialize
                0x00000000c00010b2                disable
                0x00000000c00010b8                enable
 .text          0x00000000c00010be       0x67 cpu/idt.o
                0x00000000c00010be                set_idt_gate
                0x00000000c0001105                set_idt
 .text          0x00000000c0001125      0x5c9 cpu/isr.o
                0x00000000c0001125                isr_install
                0x00000000c00015ea                isr_handler
                0x00000000c0001645                register_interrupt_handler
                0x00000000c0001661                irq_handler
                0x00000000c00016d4                irq_install
 .text          0x00000000c00016ee       0x27 cpu/panic.o
                0x00000000c00016ee                panic
 .text          0x00000000c0001715       0x87 cpu/timer.o
                0x00000000c0001725                init_timer
 .text          0x00000000c000179c      0x4b7 drivers/keyboard.o
                0x00000000c0001801                init_keyboard
                0x00000000c000181d                print_letter
 .text          0x00000000c0001c53       0x8d drivers/ports.o
                0x00000000c0001c53                port_byte_in
                0x00000000c0001c7b                port_byte_out
                0x00000000c0001c97                port_word_in
                0x00000000c0001cc2                port_word_out
 .text          0x00000000c0001ce0       0x42 drivers/printk.o
                0x00000000c0001ce0                printk
 .text          0x00000000c0001d22      0x683 drivers/screen.o
                0x00000000c0001e32                monitor_put
                0x00000000c0001f35                monitor_clear
                0x00000000c0001f89                monitor_write
                0x00000000c0001faf                screen_set_color
                0x00000000c0001fc5                goto_xy
                0x00000000c0001ffb                clear_screen_with_color
                0x00000000c0002052                kprint_at
                0x00000000c0002105                kprint
                0x00000000c0002128                print_char
                0x00000000c000220d                get_cursor_offset
                0x00000000c0002269                set_cursor_offset
                0x00000000c00022d7                clear_screen
                0x00000000c000233c                get_offset
                0x00000000c0002357                get_offset_row
                0x00000000c0002374                get_offset_col
 .text          0x00000000c00023a5      0x450 drivers/vga.o
                0x00000000c00023a5                vgaGraphicsModeInit
                0x00000000c00023b9                writeRegisters
                0x00000000c0002592                isSupportedMode
                0x00000000c00025bb                setMode
                0x00000000c00025ef                getFrameBufferSegment
                0x00000000c000264a                _putPixel
                0x00000000c00026a1                getColorIndex
                0x00000000c000272b                putPixel
                0x00000000c000277a                fillRectangle
 .text          0x00000000c00027f5      0x687 drivers/vsprintf.o
                0x00000000c0002a5b                vsprintf
 .text          0x00000000c0002e7c       0xbb libc/mem.o
                0x00000000c0002e7c                memory_copy
                0x00000000c0002eac                memory_set
                0x00000000c0002ed6                memcpy
                0x00000000c0002f08                memset
 .text          0x00000000c0002f37      0x1ce libc/string.o
                0x00000000c0002f37                int_to_ascii
                0x00000000c0002fc5                reverse
                0x00000000c0003024                strlen
                0x00000000c0003049                append
                0x00000000c0003080                backspace
                0x00000000c00030a4                strcmp
 *fill*         0x00000000c0003105        0xb 
 .text          0x00000000c0003110      0x209 cpu/interrupt.o
                0x00000000c000315a                isr0
                0x00000000c0003161                isr1
                0x00000000c0003168                isr2
                0x00000000c000316f                isr3
                0x00000000c0003176                isr4
                0x00000000c000317d                isr5
                0x00000000c0003184                isr6
                0x00000000c000318b                isr7
                0x00000000c0003195                isr8
                0x00000000c000319d                isr9
                0x00000000c00031a7                isr10
                0x00000000c00031af                isr11
                0x00000000c00031b7                isr12
                0x00000000c00031bf                isr13
                0x00000000c00031c7                isr14
                0x00000000c00031cf                isr15
                0x00000000c00031d9                isr16
                0x00000000c00031e3                isr17
                0x00000000c00031ed                isr18
                0x00000000c00031f7                isr19
                0x00000000c0003201                isr20
                0x00000000c000320b                isr21
                0x00000000c0003215                isr22
                0x00000000c000321f                isr23
                0x00000000c0003229                isr24
                0x00000000c0003233                isr25
                0x00000000c000323d                isr26
                0x00000000c0003247                isr27
                0x00000000c0003251                isr28
                0x00000000c000325b                isr29
                0x00000000c0003265                isr30
                0x00000000c000326f                isr31
                0x00000000c0003279                irq0
                0x00000000c0003283                irq1
                0x00000000c000328d                irq2
                0x00000000c0003297                irq3
                0x00000000c00032a1                irq4
                0x00000000c00032ab                irq5
                0x00000000c00032b5                irq6
                0x00000000c00032bf                irq7
                0x00000000c00032c9                irq8
                0x00000000c00032d3                irq9
                0x00000000c00032dd                irq10
                0x00000000c00032e7                irq11
                0x00000000c00032f1                irq12
                0x00000000c00032fb                irq13
                0x00000000c0003305                irq14
                0x00000000c000330f                irq15

.rodata         0x00000000c0004000      0x670
 *(.rodata)
 .rodata        0x00000000c0004000      0x1b2 kernel/kernel.o
 *fill*         0x00000000c00041b2        0x2 
 .rodata        0x00000000c00041b4       0x6a kernel/mmngr_virtual.o
 .rodata        0x00000000c000421e      0x153 cpu/isr.o
 .rodata        0x00000000c0004371       0x1b cpu/panic.o
 .rodata        0x00000000c000438c      0x1cc drivers/keyboard.o
 .rodata        0x00000000c0004558      0x118 drivers/vsprintf.o

.eh_frame       0x00000000c0004670     0x1038
 .eh_frame      0x00000000c0004670       0x58 kernel/kernel.o
 .eh_frame      0x00000000c00046c8      0x264 kernel/mmngr_phys.o
 .eh_frame      0x00000000c000492c      0x1c0 kernel/mmngr_virtual.o
 .eh_frame      0x00000000c0004aec      0x138 kernel/vmmngr_pde.o
 .eh_frame      0x00000000c0004c24       0xd8 kernel/vmmngr_pte.o
 .eh_frame      0x00000000c0004cfc       0x38 cpu/cpu.o
 .eh_frame      0x00000000c0004d34       0x98 cpu/gdt.o
 .eh_frame      0x00000000c0004dcc       0x78 cpu/hal.o
 .eh_frame      0x00000000c0004e44       0x58 cpu/idt.o
 .eh_frame      0x00000000c0004e9c       0xc4 cpu/isr.o
 .eh_frame      0x00000000c0004f60       0x34 cpu/panic.o
 .eh_frame      0x00000000c0004f94       0x58 cpu/timer.o
 .eh_frame      0x00000000c0004fec       0x78 drivers/keyboard.o
 .eh_frame      0x00000000c0005064       0xa0 drivers/ports.o
 .eh_frame      0x00000000c0005104       0x38 drivers/printk.o
 .eh_frame      0x00000000c000513c      0x238 drivers/screen.o
 .eh_frame      0x00000000c0005374      0x140 drivers/vga.o
 .eh_frame      0x00000000c00054b4       0x80 drivers/vsprintf.o
 .eh_frame      0x00000000c0005534       0x98 libc/mem.o
 .eh_frame      0x00000000c00055cc       0xdc libc/string.o

.data           0x00000000c0006000       0xfd
 *(.data)
 .data          0x00000000c0006000       0x10 kernel/kernel.o
                0x00000000c0006000                strMemoryTypes
 .data          0x00000000c0006010        0x0 kernel/mmngr_phys.o
 .data          0x00000000c0006010        0x0 kernel/mmngr_virtual.o
 .data          0x00000000c0006010        0x0 kernel/vmmngr_pde.o
 .data          0x00000000c0006010        0x0 kernel/vmmngr_pte.o
 .data          0x00000000c0006010        0x0 cpu/cpu.o
 .data          0x00000000c0006010        0x0 cpu/gdt.o
 .data          0x00000000c0006010        0x0 cpu/hal.o
 .data          0x00000000c0006010        0x0 cpu/idt.o
 *fill*         0x00000000c0006010       0x10 
 .data          0x00000000c0006020       0x80 cpu/isr.o
                0x00000000c0006020                exception_messages
 .data          0x00000000c00060a0        0x0 cpu/panic.o
 .data          0x00000000c00060a0        0x0 cpu/timer.o
 .data          0x00000000c00060a0        0x0 drivers/keyboard.o
 .data          0x00000000c00060a0        0x0 drivers/ports.o
 .data          0x00000000c00060a0        0x0 drivers/printk.o
 .data          0x00000000c00060a0        0x4 drivers/screen.o
                0x00000000c00060a0                video_memory
 *fill*         0x00000000c00060a4       0x1c 
 .data          0x00000000c00060c0       0x3d drivers/vga.o
                0x00000000c00060c0                g_320x200x256
 .data          0x00000000c00060fd        0x0 drivers/vsprintf.o
 .data          0x00000000c00060fd        0x0 libc/mem.o
 .data          0x00000000c00060fd        0x0 libc/string.o

.bss            0x00000000c0007000     0x1063
 *(COMMON)
 COMMON         0x00000000c0007000      0x806 kernel/kernel.o
                0x00000000c0007000                idt
                0x00000000c0007800                idt_reg
 *fill*         0x00000000c0007806       0x1a 
 COMMON         0x00000000c0007820      0x400 cpu/isr.o
                0x00000000c0007820                interrupt_handlers
 *(.bss)
 .bss           0x00000000c0007c20        0x0 kernel/kernel.o
 .bss           0x00000000c0007c20       0x10 kernel/mmngr_phys.o
 .bss           0x00000000c0007c30        0x8 kernel/mmngr_virtual.o
                0x00000000c0007c30                _cur_directory
                0x00000000c0007c34                _cur_pdbr
 .bss           0x00000000c0007c38        0x0 kernel/vmmngr_pde.o
 .bss           0x00000000c0007c38        0x0 kernel/vmmngr_pte.o
 .bss           0x00000000c0007c38        0x0 cpu/cpu.o
 .bss           0x00000000c0007c38       0x20 cpu/gdt.o
 .bss           0x00000000c0007c58        0x0 cpu/hal.o
 .bss           0x00000000c0007c58        0x0 cpu/idt.o
 .bss           0x00000000c0007c58        0x0 cpu/isr.o
 .bss           0x00000000c0007c58        0x0 cpu/panic.o
 .bss           0x00000000c0007c58        0x4 cpu/timer.o
                0x00000000c0007c58                tick
 .bss           0x00000000c0007c5c        0x0 drivers/keyboard.o
 .bss           0x00000000c0007c5c        0x0 drivers/ports.o
 *fill*         0x00000000c0007c5c        0x4 
 .bss           0x00000000c0007c60      0x400 drivers/printk.o
 .bss           0x00000000c0008060        0x3 drivers/screen.o
                0x00000000c0008060                cursor_x
                0x00000000c0008061                cursor_y
                0x00000000c0008062                text_color
 .bss           0x00000000c0008063        0x0 drivers/vga.o
 .bss           0x00000000c0008063        0x0 drivers/vsprintf.o
 .bss           0x00000000c0008063        0x0 libc/mem.o
 .bss           0x00000000c0008063        0x0 libc/string.o
                0x00000000c0009000                kernel_end = ALIGN (0x1000)
LOAD boot/kernel_entry.o
LOAD kernel/kernel.o
LOAD kernel/mmngr_phys.o
LOAD kernel/mmngr_virtual.o
LOAD kernel/vmmngr_pde.o
LOAD kernel/vmmngr_pte.o
LOAD cpu/cpu.o
LOAD cpu/gdt.o
LOAD cpu/hal.o
LOAD cpu/idt.o
LOAD cpu/isr.o
LOAD cpu/panic.o
LOAD cpu/timer.o
LOAD drivers/keyboard.o
LOAD drivers/ports.o
LOAD drivers/printk.o
LOAD drivers/screen.o
LOAD drivers/vga.o
LOAD drivers/vsprintf.o
LOAD libc/mem.o
LOAD libc/string.o
LOAD cpu/interrupt.o
OUTPUT(krnl32.bin binary)

.debug_info     0x0000000000000000     0x32e9
 .debug_info    0x0000000000000000      0x512 kernel/kernel.o
 .debug_info    0x0000000000000512      0x4c8 kernel/mmngr_phys.o
 .debug_info    0x00000000000009da      0x77c kernel/mmngr_virtual.o
 .debug_info    0x0000000000001156      0x283 kernel/vmmngr_pde.o
 .debug_info    0x00000000000013d9      0x206 kernel/vmmngr_pte.o
 .debug_info    0x00000000000015df       0x85 cpu/cpu.o
 .debug_info    0x0000000000001664      0x227 cpu/gdt.o
 .debug_info    0x000000000000188b      0x1ab cpu/hal.o
 .debug_info    0x0000000000001a36      0x17f cpu/idt.o
 .debug_info    0x0000000000001bb5      0x36e cpu/isr.o
 .debug_info    0x0000000000001f23       0x61 cpu/panic.o
 .debug_info    0x0000000000001f84      0x1e3 cpu/timer.o
 .debug_info    0x0000000000002167      0x1fc drivers/keyboard.o
 .debug_info    0x0000000000002363      0x114 drivers/ports.o
 .debug_info    0x0000000000002477       0xcc drivers/printk.o
 .debug_info    0x0000000000002543      0x498 drivers/screen.o
 .debug_info    0x00000000000029db      0x2f2 drivers/vga.o
 .debug_info    0x0000000000002ccd      0x258 drivers/vsprintf.o
 .debug_info    0x0000000000002f25      0x202 libc/mem.o
 .debug_info    0x0000000000003127      0x1c2 libc/string.o

.debug_abbrev   0x0000000000000000     0x13a8
 .debug_abbrev  0x0000000000000000      0x16d kernel/kernel.o
 .debug_abbrev  0x000000000000016d      0x158 kernel/mmngr_phys.o
 .debug_abbrev  0x00000000000002c5      0x220 kernel/mmngr_virtual.o
 .debug_abbrev  0x00000000000004e5       0xc4 kernel/vmmngr_pde.o
 .debug_abbrev  0x00000000000005a9       0xc6 kernel/vmmngr_pte.o
 .debug_abbrev  0x000000000000066f       0x42 cpu/cpu.o
 .debug_abbrev  0x00000000000006b1      0x115 cpu/gdt.o
 .debug_abbrev  0x00000000000007c6       0xe7 cpu/hal.o
 .debug_abbrev  0x00000000000008ad       0xf1 cpu/idt.o
 .debug_abbrev  0x000000000000099e      0x14b cpu/isr.o
 .debug_abbrev  0x0000000000000ae9       0x58 cpu/panic.o
 .debug_abbrev  0x0000000000000b41       0xdf cpu/timer.o
 .debug_abbrev  0x0000000000000c20      0x105 drivers/keyboard.o
 .debug_abbrev  0x0000000000000d25       0x8b drivers/ports.o
 .debug_abbrev  0x0000000000000db0       0xb0 drivers/printk.o
 .debug_abbrev  0x0000000000000e60      0x1ca drivers/screen.o
 .debug_abbrev  0x000000000000102a      0x110 drivers/vga.o
 .debug_abbrev  0x000000000000113a       0xec drivers/vsprintf.o
 .debug_abbrev  0x0000000000001226       0xd2 libc/mem.o
 .debug_abbrev  0x00000000000012f8       0xb0 libc/string.o

.debug_loc      0x0000000000000000     0x185c
 .debug_loc     0x0000000000000000       0x64 kernel/kernel.o
 .debug_loc     0x0000000000000064      0x3b8 kernel/mmngr_phys.o
 .debug_loc     0x000000000000041c      0x2cc kernel/mmngr_virtual.o
 .debug_loc     0x00000000000006e8      0x1f8 kernel/vmmngr_pde.o
 .debug_loc     0x00000000000008e0      0x150 kernel/vmmngr_pte.o
 .debug_loc     0x0000000000000a30       0x38 cpu/cpu.o
 .debug_loc     0x0000000000000a68       0xe0 cpu/gdt.o
 .debug_loc     0x0000000000000b48       0xa8 cpu/hal.o
 .debug_loc     0x0000000000000bf0       0x70 cpu/idt.o
 .debug_loc     0x0000000000000c60      0x118 cpu/isr.o
 .debug_loc     0x0000000000000d78       0x2c cpu/panic.o
 .debug_loc     0x0000000000000da4       0x70 cpu/timer.o
 .debug_loc     0x0000000000000e14       0xa8 drivers/keyboard.o
 .debug_loc     0x0000000000000ebc       0xe0 drivers/ports.o
 .debug_loc     0x0000000000000f9c       0x38 drivers/printk.o
 .debug_loc     0x0000000000000fd4      0x3b8 drivers/screen.o
 .debug_loc     0x000000000000138c      0x1f8 drivers/vga.o
 .debug_loc     0x0000000000001584       0xa8 drivers/vsprintf.o
 .debug_loc     0x000000000000162c       0xe0 libc/mem.o
 .debug_loc     0x000000000000170c      0x150 libc/string.o

.debug_aranges  0x0000000000000000      0x280
 .debug_aranges
                0x0000000000000000       0x20 kernel/kernel.o
 .debug_aranges
                0x0000000000000020       0x20 kernel/mmngr_phys.o
 .debug_aranges
                0x0000000000000040       0x20 kernel/mmngr_virtual.o
 .debug_aranges
                0x0000000000000060       0x20 kernel/vmmngr_pde.o
 .debug_aranges
                0x0000000000000080       0x20 kernel/vmmngr_pte.o
 .debug_aranges
                0x00000000000000a0       0x20 cpu/cpu.o
 .debug_aranges
                0x00000000000000c0       0x20 cpu/gdt.o
 .debug_aranges
                0x00000000000000e0       0x20 cpu/hal.o
 .debug_aranges
                0x0000000000000100       0x20 cpu/idt.o
 .debug_aranges
                0x0000000000000120       0x20 cpu/isr.o
 .debug_aranges
                0x0000000000000140       0x20 cpu/panic.o
 .debug_aranges
                0x0000000000000160       0x20 cpu/timer.o
 .debug_aranges
                0x0000000000000180       0x20 drivers/keyboard.o
 .debug_aranges
                0x00000000000001a0       0x20 drivers/ports.o
 .debug_aranges
                0x00000000000001c0       0x20 drivers/printk.o
 .debug_aranges
                0x00000000000001e0       0x20 drivers/screen.o
 .debug_aranges
                0x0000000000000200       0x20 drivers/vga.o
 .debug_aranges
                0x0000000000000220       0x20 drivers/vsprintf.o
 .debug_aranges
                0x0000000000000240       0x20 libc/mem.o
 .debug_aranges
                0x0000000000000260       0x20 libc/string.o

.debug_ranges   0x0000000000000000       0x30
 .debug_ranges  0x0000000000000000       0x18 kernel/kernel.o
 .debug_ranges  0x0000000000000018       0x18 kernel/mmngr_virtual.o

.debug_line     0x0000000000000000     0x10fb
 .debug_line    0x0000000000000000      0x10c kernel/kernel.o
 .debug_line    0x000000000000010c      0x1a1 kernel/mmngr_phys.o
 .debug_line    0x00000000000002ad      0x1ec kernel/mmngr_virtual.o
 .debug_line    0x0000000000000499       0xb6 kernel/vmmngr_pde.o
 .debug_line    0x000000000000054f       0xb0 kernel/vmmngr_pte.o
 .debug_line    0x00000000000005ff       0x3a cpu/cpu.o
 .debug_line    0x0000000000000639       0xad cpu/gdt.o
 .debug_line    0x00000000000006e6       0x53 cpu/hal.o
 .debug_line    0x0000000000000739       0x57 cpu/idt.o
 .debug_line    0x0000000000000790       0xeb cpu/isr.o
 .debug_line    0x000000000000087b       0x41 cpu/panic.o
 .debug_line    0x00000000000008bc       0x62 cpu/timer.o
 .debug_line    0x000000000000091e       0xf2 drivers/keyboard.o
 .debug_line    0x0000000000000a10       0x50 drivers/ports.o
 .debug_line    0x0000000000000a60       0x7a drivers/printk.o
 .debug_line    0x0000000000000ada      0x167 drivers/screen.o
 .debug_line    0x0000000000000c41      0x153 drivers/vga.o
 .debug_line    0x0000000000000d94      0x1ee drivers/vsprintf.o
 .debug_line    0x0000000000000f82       0xcd libc/mem.o
 .debug_line    0x000000000000104f       0xac libc/string.o

.debug_str      0x0000000000000000     0x2090
 .debug_str     0x0000000000000000      0x42e kernel/kernel.o
 .debug_str     0x000000000000042e      0x2d2 kernel/mmngr_phys.o
 .debug_str     0x0000000000000700      0x4b0 kernel/mmngr_virtual.o
 .debug_str     0x0000000000000bb0      0x269 kernel/vmmngr_pde.o
 .debug_str     0x0000000000000e19      0x243 kernel/vmmngr_pte.o
 .debug_str     0x000000000000105c       0xe9 cpu/cpu.o
 .debug_str     0x0000000000001145      0x1b4 cpu/gdt.o
 .debug_str     0x00000000000012f9      0x167 cpu/hal.o
 .debug_str     0x0000000000001460      0x107 cpu/idt.o
 .debug_str     0x0000000000001567      0x194 cpu/isr.o
 .debug_str     0x00000000000016fb       0x5f cpu/panic.o
 .debug_str     0x000000000000175a       0xf2 cpu/timer.o
 .debug_str     0x000000000000184c      0x114 drivers/keyboard.o
 .debug_str     0x0000000000001960       0xc0 drivers/ports.o
 .debug_str     0x0000000000001a20       0x9c drivers/printk.o
 .debug_str     0x0000000000001abc      0x1fc drivers/screen.o
 .debug_str     0x0000000000001cb8      0x150 drivers/vga.o
 .debug_str     0x0000000000001e08       0xff drivers/vsprintf.o
 .debug_str     0x0000000000001f07       0xf5 libc/mem.o
 .debug_str     0x0000000000001ffc       0x94 libc/string.o

.comment        0x0000000000000000      0x168
 .comment       0x0000000000000000       0x12 kernel/kernel.o
 .comment       0x0000000000000012       0x12 kernel/mmngr_phys.o
 .comment       0x0000000000000024       0x12 kernel/mmngr_virtual.o
 .comment       0x0000000000000036       0x12 kernel/vmmngr_pde.o
 .comment       0x0000000000000048       0x12 kernel/vmmngr_pte.o
 .comment       0x000000000000005a       0x12 cpu/cpu.o
 .comment       0x000000000000006c       0x12 cpu/gdt.o
 .comment       0x000000000000007e       0x12 cpu/hal.o
 .comment       0x0000000000000090       0x12 cpu/idt.o
 .comment       0x00000000000000a2       0x12 cpu/isr.o
 .comment       0x00000000000000b4       0x12 cpu/panic.o
 .comment       0x00000000000000c6       0x12 cpu/timer.o
 .comment       0x00000000000000d8       0x12 drivers/keyboard.o
 .comment       0x00000000000000ea       0x12 drivers/ports.o
 .comment       0x00000000000000fc       0x12 drivers/printk.o
 .comment       0x000000000000010e       0x12 drivers/screen.o
 .comment       0x0000000000000120       0x12 drivers/vga.o
 .comment       0x0000000000000132       0x12 drivers/vsprintf.o
 .comment       0x0000000000000144       0x12 libc/mem.o
 .comment       0x0000000000000156       0x12 libc/string.o
